// Jest Snapshot v1, https://goo.gl/fbAQLP

exports[`Expect to render card component 1`] = `ShallowWrapper {}`;
