// Jest Snapshot v1, https://goo.gl/fbAQLP

exports[`render CardList 1`] = `ShallowWrapper {}`;
