// Jest Snapshot v1, https://goo.gl/fbAQLP

exports[`Displays correctly 1`] = `ShallowWrapper {}`;
