// Jest Snapshot v1, https://goo.gl/fbAQLP

exports[`Filter robots 1`] = `ShallowWrapper {}`;

exports[`Renders 1`] = `ShallowWrapper {}`;

exports[`Shows loading 1`] = `ShallowWrapper {}`;
